// Vitest Snapshot v1, https://vitest.dev/guide/snapshot.html

exports[`content corpus > experience bullets 1`] = `
[
  "Led the migration of the widget editor from a legacy codebase to a new React architecture built on feature-based modules, reusable components and modular state management. Features now ship faster, with fewer bugs and a smaller bundle.",
  "Analyzed and improved Core Web Vitals (LCP, CLS, INP) across the platform, raising the Lighthouse performance score from 67-75 to 90+.",
  "Brought the embeddable end-user widget to full WCAG 2.1 AA compliance.",
  "Created the design system and rebuilt the entire product interface on it, guided by product analytics and user data.",
  "Integrated OpenAI GPT and Google Gemini into the content workflow, which cut manual processing time by 60%.",
  "Led React and TypeScript frontend work across 5+ client engagements over 2 years.",
  "Shipped AI SaaS platforms, warehouse management systems and data visualization tools, owning architecture decisions, stakeholder communication and delivery timelines.",
  "Cut a 10-second LCP on a client product to under 2 seconds by fixing an oversized image, render-blocking scripts and third-party code.",
  "Added AI features with OpenAI GPT and Google Gemini across several client products to automate manual work.",
  "Led React and TypeScript frontend development for a personalized learning discovery platform.",
  "Designed the search, filtering and recommendation systems for the course catalog.",
  "Built the data layer on TanStack Query with caching, prefetching and optimistic updates. Perceived load times on data-heavy views dropped by up to 40%.",
  "Managed SEO for the single-page app with prerender.io, and improved Core Web Vitals across the platform.",
  "Led the React frontend for a cross-chain DEX with real-time swap aggregation across 5+ blockchain protocols.",
  "Shipped multi-chain portfolio analytics and a fiat on-ramp.",
  "Unified the UI across 3 independently deployed parts of the platform, built in React and Blazor.",
  "Developed the React and MobX UI for Africa's leading career platform, a high-load product with 100k+ monthly active users.",
  "Reduced initial load times by 30%+ for mobile users on 2G/3G networks across B2B and B2C surfaces, using code splitting and SSR caching.",
  "Created interactive Canvas API charts, animated with React Spring, for career insights and job market trends.",
  "Introduced SSR with Next.js on a medical education platform for SEO and faster content delivery, and raised its Lighthouse performance score from 50 to 93-95.",
  "Created interactive medical case studies in React.",
  "Refactored the platform to meet WCAG 2.1 AA.",
  "Built performance-critical React interfaces for Google Stadia, a cloud gaming platform streaming games at 4K/60fps, where input latency had to stay under 100ms.",
  "Tuned React rendering and applied code splitting to cut unnecessary re-renders and the initial bundle size.",
  "Shipped 10+ core features for a React co-parenting app: shared calendars, real-time messaging and collaborative task flows across 3+ user roles.",
  "Owned frontend delivery for an on-demand B2B logistics platform. The real-time dispatch and tracking interfaces I built were used by 50+ operators daily.",
  "Added route optimization built on Canvas API and GSAP, so dispatchers could plan runs in fewer steps.",
  "Created reusable JavaScript/jQuery UI components and interactive booking calculators for a moving platform, shared across 5+ independently deployed services.",
  "Built the interactive World of Tanks map in AngularJS and Canvas API, showing real-time territory control and statistics for a high-load game with 4.5M+ players.",
  "Delivered mobile-first payment and loyalty interfaces for a fintech startup: contactless payment flows, real-time transaction status and rewards UX.",
  "Built modular JavaScript/jQuery components for reward browsing, redemption and partner offers on Visa's high-load cardholder loyalty platform, serving millions of users across 30+ countries.",
  "Developed JavaScript/jQuery admin dashboards and real-time data visualization for internal analytics platforms used by 20+ analysts.",
]
`;

exports[`content corpus > roles, companies and dates 1`] = `
[
  [
    "Senior Frontend Engineer / Lead",
    "Opinion Stage",
    "",
    "Apr 2025",
    "Present",
  ],
  [
    "Senior Frontend Engineer / Tech Lead",
    "Freelance",
    "Upwork",
    "Jan 2023",
    "Mar 2025",
  ],
  [
    "Senior Frontend Engineer / Lead",
    "Syndicode",
    "Evrlearn",
    "Dec 2021",
    "Jan 2024",
  ],
  [
    "Senior Frontend Engineer / Lead",
    "ClearCryptos",
    "",
    "Apr 2022",
    "Jan 2023",
  ],
  [
    "Frontend Engineer",
    "Syndicode",
    "Fuzu",
    "Apr 2020",
    "Oct 2022",
  ],
  [
    "Frontend Engineer",
    "Syndicode",
    "MedYouCate",
    "Nov 2021",
    "Mar 2022",
  ],
  [
    "Frontend Engineer (Contract)",
    "Google",
    "Google Stadia",
    "Jun 2019",
    "Jan 2020",
  ],
  [
    "Frontend Engineer",
    "AppClose / Casetack",
    "",
    "Jan 2018",
    "Dec 2019",
  ],
  [
    "Frontend Engineer",
    "Syndicode",
    "Senden 24 GmbH",
    "Jan 2017",
    "Dec 2018",
  ],
  [
    "Frontend Engineer",
    "Syndicode",
    "Movinga",
    "Jan 2016",
    "Jul 2016",
  ],
  [
    "Frontend Developer",
    "Wargaming",
    "",
    "Sep 2015",
    "Mar 2016",
  ],
  [
    "Frontend Developer",
    "BIG DIG",
    "Settle",
    "Mar 2015",
    "Sep 2015",
  ],
  [
    "Frontend Developer",
    "Coderoom",
    "Visa GlobalBonus",
    "Oct 2014",
    "Feb 2015",
  ],
  [
    "Frontend Developer",
    "Coderoom",
    "Data Group",
    "Sep 2014",
    "Dec 2014",
  ],
]
`;

exports[`content corpus > skills 1`] = `
[
  [
    "Languages & Frameworks",
    [
      "React",
      "Next.js",
      "TypeScript",
      "JavaScript",
      "React Server Components",
      "HTML5",
      "CSS3",
    ],
  ],
  [
    "State & Data",
    [
      "TanStack Query (React Query)",
      "Redux Toolkit",
      "Zustand",
      "MobX",
      "GraphQL",
      "Apollo Client",
      "REST APIs",
      "WebSockets",
      "React Hook Form",
      "Zod",
    ],
  ],
  [
    "Styling & UI",
    [
      "Tailwind CSS",
      "shadcn/ui",
      "SCSS",
      "CSS Modules",
      "Responsive Web Design",
      "Cross-Browser Compatibility",
      "Internationalization (i18n)",
    ],
  ],
  [
    "Design Systems & Architecture",
    [
      "Design Systems",
      "Storybook",
      "Component Architecture",
      "Micro-frontends",
      "Module Federation",
      "Scalable Frontend Architecture",
      "System Design",
      "Design Patterns",
    ],
  ],
  [
    "Performance & Accessibility",
    [
      "Core Web Vitals",
      "Lighthouse",
      "Code Splitting",
      "SSR / Prerendering",
      "CDN Optimization",
      "PWA / Service Workers",
      "Web Accessibility (WCAG 2.1 AA)",
      "axe",
      "Screen Reader Testing",
    ],
  ],
  [
    "AI & LLM",
    [
      "OpenAI GPT",
      "Google Gemini",
      "Claude (Anthropic)",
      "Vercel AI SDK",
      "LLM API Integration",
      "AI Content Workflows",
      "RAG (Retrieval-Augmented Generation)",
      "Model Context Protocol (MCP)",
      "Streaming AI Interfaces",
    ],
  ],
  [
    "Testing",
    [
      "React Testing Library",
      "Jest",
      "Cypress",
      "Playwright",
      "Storybook Interaction Tests",
      "Chromatic",
      "End-to-End Testing",
      "Test-Driven Development (TDD)",
    ],
  ],
  [
    "Build, CI/CD & Release",
    [
      "Vite",
      "Webpack",
      "ESLint / Prettier",
      "Monorepos (Turborepo, Nx)",
      "GitHub Actions",
      "Vercel",
      "Git",
      "Sentry",
      "Feature Flags",
      "A/B Testing",
    ],
  ],
  [
    "Team & Process",
    [
      "Code Review",
      "Technical Mentoring",
      "Agile / Scrum",
    ],
  ],
  [
    "Backend & CMS (Basic)",
    [
      "Node.js",
      "NestJS",
      "Supabase",
      "Neon",
      "Redis",
      "Payload CMS",
      "Strapi",
    ],
  ],
  [
    "Graphics & Animation",
    [
      "Framer Motion",
      "GSAP",
      "Canvas API",
      "WebGL",
      "React Three Fiber",
    ],
  ],
  [
    "Mobile & Payments",
    [
      "React Native",
      "Flutter",
      "Stripe",
      "PayPal",
    ],
  ],
]
`;

exports[`content corpus > technologies 1`] = `
[
  [
    "opinion-stage",
    [
      "React",
      "TypeScript",
      "TanStack Query",
      "SCSS",
      "Storybook",
      "React Testing Library",
      "OpenAI GPT / Google Gemini",
      "Framer Motion",
      "Zustand",
      "PayPal",
    ],
  ],
  [
    "upwork",
    [
      "React",
      "Next.js",
      "TypeScript",
      "TanStack Query",
      "Tailwind CSS",
      "Storybook",
      "React Testing Library",
      "OpenAI GPT / Google Gemini / Leonardo AI",
      "Strapi / Supabase",
      "PayPal / Stripe",
      "Vercel",
      "GitHub Actions",
    ],
  ],
  [
    "evrlearn",
    [
      "TypeScript",
      "React",
      "TanStack Query",
      "GraphQL",
      "prerender.io",
      "Tailwind CSS",
      "Storybook",
      "React Testing Library",
      "Git",
    ],
  ],
  [
    "clearcryptos",
    [
      "TypeScript",
      "React",
      "Next.js",
      "Blazor",
      "Razor Components",
      "Web3.js",
      "WebSockets",
    ],
  ],
  [
    "fuzu",
    [
      "JavaScript",
      "TypeScript",
      "React",
      "Next.js",
      "MobX",
      "TanStack Query",
      "React Spring",
      "Canvas API",
      "Jest",
      "Enzyme",
      "Storybook",
      "Git",
    ],
  ],
  [
    "medyoucate",
    [
      "TypeScript",
      "React",
      "Next.js",
      "Redux Toolkit",
      "TanStack Query",
      "Storybook",
      "Git",
    ],
  ],
  [
    "google-stadia",
    [
      "React",
      "TypeScript",
      "JavaScript",
      "Redux Toolkit",
      "React Three Fiber",
      "Canvas API",
      "React Motion",
      "React Testing Library",
      "Storybook",
      "Git",
    ],
  ],
  [
    "appclose",
    [
      "JavaScript",
      "React",
      "Redux",
      "Redux Saga",
      "Canvas API",
      "React Motion",
      "Storybook",
      "Git",
    ],
  ],
  [
    "senden24",
    [
      "JavaScript",
      "jQuery",
      "Canvas API",
      "GSAP",
      "HTML",
      "CSS/SCSS",
    ],
  ],
  [
    "movinga",
    [
      "JavaScript",
      "jQuery",
      "HTML",
      "CSS/SCSS",
    ],
  ],
  [
    "wargaming",
    [
      "JavaScript",
      "AngularJS",
      "Canvas API",
      "HTML",
      "CSS/SCSS",
    ],
  ],
  [
    "settle",
    [
      "JavaScript",
      "jQuery",
      "HTML",
      "CSS/SCSS",
      "PayPal",
    ],
  ],
  [
    "visa",
    [
      "JavaScript",
      "jQuery",
      "HTML",
      "CSS/SCSS",
    ],
  ],
  [
    "datagroup",
    [
      "JavaScript",
      "jQuery",
      "HTML",
      "CSS/SCSS",
    ],
  ],
]
`;
